// Jest Snapshot v1, https://goo.gl/fbAQLP

exports[`should match snapshot 1`] = `"<div class=\\"flex flex-wrap mx-auto pt-8\\"><form class=\\"container mx-auto flex flex-col p-6\\"><label for=\\"title\\" class=\\"mb-2\\">Title</label><input type=\\"text\\" value=\\"\\" name=\\"title\\" id=\\"title\\" class=\\"shadow rounded border mb-2 p-2\\"><label for=\\"content\\" class=\\"mb-2\\">Content </label><textarea id=\\"content\\" name=\\"content\\" class=\\"shadow rounded border mb-2 p-2\\"></textarea><input type=\\"submit\\" value=\\"Create\\" class=\\"bg-indigo-dark hover:bg-indigo-darker text-white font-bold py-2 px-4 rounded-full\\"></form></div>"`;
