// Jest Snapshot v1, https://goo.gl/fbAQLP

exports[`single comment tests should match snapshot 1`] = `"<div class=\\"py-2 border-b relative\\"><button class=\\"bg-red-dark hover:bg-red-darker text-white font-bold py-2 px-4 rounded-full absolute pin-t pin-r my-3\\" data-test=\\"button\\">x</button><p class=\\"text-grey-darker mb-4\\">A comment from Zac</p><p class=\\"text-grey-dark mb-4\\">Posted by: Zac @ 2018-01-29</p></div>"`;
